// Jest Snapshot v1, https://goo.gl/fbAQLP

exports[`Idea component tests should render a default Idea component form 1`] = `
<div
  className="ideaContainer"
>
  <form
    className="ideaForm"
    onSubmit={[Function]}
  >
    <label
      className="ideaTitleLabel"
    >
      <input
        className="ideaTitleInput"
        data-testid="IdeaForm.title"
        id="title"
        name="title"
        onChange={[Function]}
        placeholder="Title"
        required={true}
        type="text"
        value="Title"
      />
    </label>
    <label
      className="ideaLabelDescription"
      data-testid="IdeaForm.description"
    >
      <textarea
        className="ideaDescriptionInput"
        maxLength={140}
        name="description"
        onChange={[Function]}
        placeholder="Description"
        value="Description"
      />
    </label>
    <p
      className="ideaTimestamp"
    >
      1970-01-02 - 11:17:36
    </p>
    <div
      className="callToActionContainer"
    >
      <button
        data-testid="IdeaForm.buttonAdd"
        disabled={false}
        type="submit"
      >
        Update
      </button>
      <button
        className="ideaFormButton"
        data-testid="IdeaForm.buttonReset"
        onClick={[Function]}
      >
        Reset
      </button>
      <button
        data-testid="IdeaForm.buttonDelete"
        onClick={[Function]}
      >
        Delete
      </button>
    </div>
  </form>
</div>
`;
